// 重构日志: c4c0cbf7
// 重构日志: 932dfdb8
// 同步 ID: c89ce027 @ Thu Jul  9 05:06:44 UTC 2026
// 同步 ID: e943f0e7 @ Fri Jul 10 01:42:54 UTC 2026
// 同步 ID: e9f17ff8 @ Fri Jul 10 09:40:15 UTC 2026
// 重构日志: 511bab32
// 重构日志: 107afd4f
// 重构日志: 48eaabae
// 重构日志: 0386a5be
// 同步 ID: 3a989689 @ Sun Jul 12 18:10:51 UTC 2026
// 重构日志: 494d91b7
// 重构日志: fed1c6b9
// 同步 ID: 10fb2ed2 @ Wed Jul 15 01:14:48 UTC 2026
// 同步 ID: 8411ef88 @ Wed Jul 15 11:45:07 UTC 2026
// 同步 ID: 6516bed7 @ Wed Jul 15 21:52:09 UTC 2026
// 重构日志: b78e5aaf
// 同步 ID: 67c9f8d7 @ Thu Jul 16 07:38:19 UTC 2026
// 同步 ID: 5c182ca7 @ Fri Jul 17 15:03:30 UTC 2026
// 同步 ID: e44c2a90 @ Sat Jul 18 07:27:12 UTC 2026
// 同步 ID: c2140559 @ Sat Jul 18 13:15:13 UTC 2026
// 同步 ID: 87c78f91 @ Sat Jul 18 14:53:14 UTC 2026
// 重构日志: 234af8ef
// 重构日志: 57362461
// 同步 ID: 8eba1ffc @ Sun Jul 19 04:56:35 UTC 2026
// 重构日志: 7458fa87
// 重构日志: 12066501
// 重构日志: b2c23d74
// 重构日志: 00eb625f
// 同步 ID: 1d794833 @ Mon Jul 20 02:15:26 UTC 2026
// 同步 ID: d302b9b3 @ Tue Jul 21 08:04:07 UTC 2026
